
══════════════════════════════════════════════════
  ENCRYPTED VIDEO CLIENT BACKEND
  MJPEG output: http://localhost:9091/stream
  Waiting for commands on stdin...
══════════════════════════════════════════════════

[MJPEG-OUT] Decrypted stream at http://localhost:9091/stream
{"connected":false,"fps":0,"frame_id":0}
{"connected":false,"fps":0,"frame_id":0}
{"connected":false,"fps":0,"frame_id":0}
{"connected":false,"fps":0,"frame_id":0}
{"connected":false,"fps":0,"frame_id":0}
{"connected":false,"fps":0,"frame_id":0}
{"connected":false,"fps":0,"frame_id":0}
{"connected":false,"fps":0,"frame_id":0}
{"connected":false,"fps":0,"frame_id":0}
{"connected":false,"fps":0,"frame_id":0}
{"connected":false,"fps":0,"frame_id":0}
{"connected":false,"fps":0,"frame_id":0}
{"connected":false,"fps":0,"frame_id":0}
{"connected":false,"fps":0,"frame_id":0}
{"connected":false,"fps":0,"frame_id":0}
{"connected":false,"fps":0,"frame_id":0}
{"connected":false,"fps":0,"frame_id":0}
{"connected":false,"fps":0,"frame_id":0}
{"connected":false,"fps":0,"frame_id":0}
{"connected":false,"fps":0,"frame_id":0}
